###############################################################################
#
# IAR ELF Linker V3.10.1.201 for STM8                     16/Oct/2018  18:13:20
# Copyright 2010-2017 IAR Systems AB.
#
#    Output file  =  
#        E:\Github\STM8_Project\LaserBatteryDetect\User\Debug\Exe\LaserBatteryDetect.out
#    Map file     =  
#        E:\Github\STM8_Project\LaserBatteryDetect\User\Debug\List\LaserBatteryDetect.map
#    Command line =  
#        -f C:\Users\ADMINI~1\AppData\Local\Temp\EWD1EE.tmp
#        (E:\Github\STM8_Project\LaserBatteryDetect\User\Debug\Obj\adc.o
#        E:\Github\STM8_Project\LaserBatteryDetect\User\Debug\Obj\control.o
#        E:\Github\STM8_Project\LaserBatteryDetect\User\Debug\Obj\delay.o
#        E:\Github\STM8_Project\LaserBatteryDetect\User\Debug\Obj\flash.o
#        E:\Github\STM8_Project\LaserBatteryDetect\User\Debug\Obj\main.o
#        E:\Github\STM8_Project\LaserBatteryDetect\User\Debug\Obj\stm8s_adc1.o
#        E:\Github\STM8_Project\LaserBatteryDetect\User\Debug\Obj\stm8s_clk.o
#        E:\Github\STM8_Project\LaserBatteryDetect\User\Debug\Obj\stm8s_flash.o
#        E:\Github\STM8_Project\LaserBatteryDetect\User\Debug\Obj\stm8s_gpio.o
#        E:\Github\STM8_Project\LaserBatteryDetect\User\Debug\Obj\stm8s_iwdg.o
#        E:\Github\STM8_Project\LaserBatteryDetect\User\Debug\Obj\stm8s_tim2.o
#        E:\Github\STM8_Project\LaserBatteryDetect\User\Debug\Obj\stm8s_uart1.o
#        E:\Github\STM8_Project\LaserBatteryDetect\User\Debug\Obj\sys.o
#        E:\Github\STM8_Project\LaserBatteryDetect\User\Debug\Obj\timer.o
#        E:\Github\STM8_Project\LaserBatteryDetect\User\Debug\Obj\uart.o
#        E:\Github\STM8_Project\LaserBatteryDetect\User\Debug\Obj\watchdog.o
#        --redirect _Printf=_PrintfSmallNoMb --redirect _Scanf=_ScanfSmallNoMb
#        -f "D:\IAR Systems\Embedded Workbench 8.0\stm8\config\math_small.xcl"
#        (--redirect cos=__iar_cos_small --redirect cosf=__iar_cos_smallf
#        --redirect cosl=__iar_cos_smalll --redirect exp=__iar_exp_small
#        --redirect expf=__iar_exp_smallf --redirect expl=__iar_exp_smalll
#        --redirect log10=__iar_log10_small --redirect
#        log10f=__iar_log10_smallf --redirect log10l=__iar_log10_smalll
#        --redirect log2=__iar_log2_small --redirect log2f=__iar_log2_smallf
#        --redirect log2l=__iar_log2_smalll --redirect log=__iar_log_small
#        --redirect logf=__iar_log_smallf --redirect logl=__iar_log_smalll
#        --redirect pow=__iar_pow_small --redirect powf=__iar_pow_smallf
#        --redirect powl=__iar_pow_smalll --redirect sin=__iar_sin_small
#        --redirect sinf=__iar_sin_smallf --redirect sinl=__iar_sin_smalll
#        --redirect tan=__iar_tan_small --redirect tanf=__iar_tan_smallf
#        --redirect tanl=__iar_tan_smalll --redirect __iar_Sin=__iar_Sin_small
#        --redirect __iar_Log=__iar_Log_small) -o
#        E:\Github\STM8_Project\LaserBatteryDetect\User\Debug\Exe\LaserBatteryDetect.out
#        --map
#        E:\Github\STM8_Project\LaserBatteryDetect\User\Debug\List\LaserBatteryDetect.map
#        --config "D:\IAR Systems\Embedded Workbench
#        8.0\stm8\config\lnkstm8s103f3.icf" --config_def _CSTACK_SIZE=0x100
#        --config_def _HEAP_SIZE=0x100 --entry __iar_program_start --debug_lib)
#
###############################################################################

*******************************************************************************
*** RUNTIME MODEL ATTRIBUTES
***

__SystemLibrary            = DLib
__code_model               = small
__core                     = stm8
__data_model               = medium
__dlib_file_descriptor     = 0
__dlib_full_locale_support = 0
__rt_version               = 4


*******************************************************************************
*** PLACEMENT SUMMARY
***

"A0":  place at start of [0x000000-0x0000ff] { rw section .vregs };
"A1":  place at end of [0x000000-0x0003ff] { block CSTACK };
"P2":  place in [from 0x000000 to 0x0003ff] {
          block HEAP, rw section __DLIB_PERTHREAD, rw section .far.bss,
          rw section .far.data, rw section .far.noinit,
          rw section .far_func.textrw, rw section .huge.bss,
          rw section .huge.data, rw section .huge.noinit,
          rw section .huge_func.textrw, rw section .iar.dynexit,
          rw section .near.bss, rw section .near.data, rw section .near.noinit,
          rw section .near_func.textrw };
"A2":  place at start of [0x008000-0x009fff] { block INTVEC };
"P3":  place in [from 0x008000 to 0x009fff] {
          ro section __DLIB_PERTHREAD_init, ro section .far.data_init,
          ro section .far_func.textrw_init, ro section .huge.data_init,
          ro section .huge_func.textrw_init, ro section .iar.init_table,
          ro section .init_array, ro section .near.data_init,
          ro section .near.rodata, ro section .near_func.text,
          ro section .near_func.textrw_init, ro section .tiny.data_init,
          ro section .tiny.rodata_init };
"P4":  place in [from 0x008000 to 0x009fff] {
          ro section .far.rodata, ro section .far_func.text };
"P5":  place in [from 0x008000 to 0x009fff] {
          ro section .huge.rodata, ro section .huge_func.text };
do not initialize {
   rw section .eeprom.noinit, rw section .far.noinit, rw section .huge.noinit,
   rw section .near.noinit, rw section .tiny.noinit, rw section .vregs };
initialize by copy {
   rw section .far.bss, rw section .far.data, rw section .far_func.textrw,
   rw section .huge.bss, rw section .huge.data, rw section .huge_func.textrw,
   rw section .iar.dynexit, rw section .near.bss, rw section .near.data,
   rw section .near_func.textrw, rw section .tiny.bss, rw section .tiny.data,
   ro section .tiny.rodata };

  Section            Kind      Address    Size  Object
  -------            ----      -------    ----  ------
"A0":                                     0x10
  .vregs             uninit   0x000000    0x10  vregs.o [4]
                            - 0x000010    0x10

"P2", part 1 of 2:                         0x2
  P2-1                        0x000010     0x2  <Init block>
    .near.data       inited   0x000010     0x1  control.o [1]
    .near.data       inited   0x000011     0x1  control.o [1]
                            - 0x000012     0x2

"P2", part 2 of 2:                        0x32
  .near.bss          zero     0x000012    0x15  control.o [1]
  .near.bss          zero     0x000027     0x2  adc.o [1]
  .near.bss          zero     0x000029     0x2  control.o [1]
  .near.bss          zero     0x00002b     0x2  control.o [1]
  .near.bss          zero     0x00002d     0x2  control.o [1]
  .near.bss          zero     0x00002f     0x2  control.o [1]
  .near.bss          zero     0x000031     0x2  control.o [1]
  .near.bss          zero     0x000033     0x2  control.o [1]
  .near.bss          zero     0x000035     0x2  timer.o [1]
  .near.bss          zero     0x000037     0x2  uart.o [1]
  .near.bss          zero     0x000039     0x1  control.o [1]
  .near.bss          zero     0x00003a     0x1  control.o [1]
  .near.bss          zero     0x00003b     0x1  control.o [1]
  .near.bss          zero     0x00003c     0x1  control.o [1]
  .near.bss          zero     0x00003d     0x1  control.o [1]
  .near.bss          zero     0x00003e     0x1  control.o [1]
  .near.bss          zero     0x00003f     0x1  control.o [1]
  .near.bss          zero     0x000040     0x1  control.o [1]
  .near.bss          zero     0x000041     0x1  control.o [1]
  .near.bss          zero     0x000042     0x1  control.o [1]
  .near.bss          zero     0x000043     0x1  delay.o [1]
                            - 0x000044    0x32

"A1":                                    0x100
  CSTACK                      0x000300   0x100  <Block>
    CSTACK           uninit   0x000300   0x100  <Block tail>
                            - 0x000400   0x100

Absolute sections:                         0x2
  .near.noinit       uninit   0x005230     0x1  uart.o [1]
  .near.noinit       uninit   0x005231     0x1  uart.o [1]
                            - 0x005232     0x2

"A2":                                     0x80
  INTVEC                      0x008000    0x80  <Block>
    .intvec          const    0x008000    0x80  interrupt.o [4]
                            - 0x008080    0x80

"P3-P5":                                0x1001
  .near_func.text    ro code  0x008080   0x134  stm8s_uart1.o [1]
  .near_func.text    ro code  0x0081b4   0x130  long.o [4]
  .near_func.text    ro code  0x0082e4   0x108  control.o [1]
  .near_func.text    ro code  0x0083ec    0xf2  vreg_util.o [4]
  .near_func.text    ro code  0x0084de    0xe0  control.o [1]
  .near_func.text    ro code  0x0085be    0x91  control.o [1]
  .near_func.text    ro code  0x00864f    0x8e  stm8s_gpio.o [1]
  .near_func.text    ro code  0x0086dd    0x89  control.o [1]
  .near_func.text    ro code  0x008766    0x75  control.o [1]
  .near_func.text    ro code  0x0087db    0x70  stm8s_adc1.o [1]
  .near_func.text    ro code  0x00884b    0x6c  stm8s_uart1.o [1]
  .near_func.text    ro code  0x0088b7    0x68  control.o [1]
  .near_func.text    ro code  0x00891f    0x61  control.o [1]
  .near_func.text    ro code  0x008980    0x5b  adc.o [1]
  .near_func.text    ro code  0x0089db    0x5a  uart.o [1]
  .near_func.text    ro code  0x008a35    0x57  stm8s_clk.o [1]
  .near_func.text    ro code  0x008a8c    0x55  stm8s_adc1.o [1]
  .near_func.text    ro code  0x008ae1    0x52  stm8s_adc1.o [1]
  .near_func.text    ro code  0x008b33    0x51  delay.o [1]
  .near_func.text    ro code  0x008b84    0x4c  control.o [1]
  .near_func.text    ro code  0x008bd0    0x4b  short.o [4]
  .near_func.text    ro code  0x008c1b    0x47  long_util.o [4]
  .near_func.text    ro code  0x008c62    0x32  stm8s_uart1.o [1]
  .near_func.text    ro code  0x008c94    0x31  stm8s_adc1.o [1]
  .near_func.text    ro code  0x008cc5    0x2f  stm8s_adc1.o [1]
  .near_func.text    ro code  0x008cf4    0x2d  stm8s_uart1.o [1]
  .near_func.text    ro code  0x008d21    0x2c  adc.o [1]
  .near_func.text    ro code  0x008d4d    0x2c  stm8s_adc1.o [1]
  .near_func.text    ro code  0x008d79    0x2a  uart.o [1]
  .near_func.text    ro code  0x008da3    0x28  init_small.o [4]
  .near_func.text    ro code  0x008dcb    0x25  dc_util.o [4]
  .near_func.text    ro code  0x008df0    0x23  delay.o [1]
  .near_func.text    ro code  0x008e13    0x22  timer.o [1]
  .near_func.text    ro code  0x008e35    0x21  stm8s_adc1.o [1]
  .iar.init_table    const    0x008e56    0x12  - Linker created -
  .near_func.text    ro code  0x008e68    0x1e  init_small.o [4]
  .near_func.text    ro code  0x008e86    0x1d  timer.o [1]
  .near_func.text    ro code  0x008ea3    0x1c  control.o [1]
  .near_func.text    ro code  0x008ebf    0x1b  control.o [1]
  .near_func.text    ro code  0x008eda    0x1a  stm8s_tim2.o [1]
  .near_func.text    ro code  0x008ef4    0x18  uart.o [1]
  .near_func.text    ro code  0x008f0c    0x14  stm8s_adc1.o [1]
  .near_func.text    ro code  0x008f20    0x14  init.o [4]
  .near_func.text    ro code  0x008f34    0x14  __dbg_xxexit.o [3]
  .near_func.text    ro code  0x008f48    0x13  main.o [1]
  .near_func.text    ro code  0x008f5b    0x13  stm8s_adc1.o [1]
  .near_func.text    ro code  0x008f6e    0x13  stm8s_clk.o [1]
  .near_func.text    ro code  0x008f81    0x13  cstartup.o [4]
  .near_func.text    ro code  0x008f94    0x12  watchdog.o [1]
  .near_func.text    ro code  0x008fa6     0xe  delay.o [1]
  .near_func.text    ro code  0x008fb4     0xd  stm8s_adc1.o [1]
  .near_func.text    ro code  0x008fc1     0xd  stm8s_tim2.o [1]
  .near_func.text    ro code  0x008fce     0xd  stm8s_uart1.o [1]
  .near_func.text    ro code  0x008fdb     0xd  move.o [4]
  .near_func.text    ro code  0x008fe8     0xc  stm8s_tim2.o [1]
  .near.rodata       const    0x008ff4     0xa  control.o [1]
  .near.rodata       const    0x008ffe     0xa  control.o [1]
  .near_func.text    ro code  0x009008     0xa  stm8s_tim2.o [1]
  .near_func.text    ro code  0x009012     0x9  control.o [1]
  .near_func.text    ro code  0x00901b     0x9  stm8s_tim2.o [1]
  .near_func.text    ro code  0x009024     0x7  stm8s_gpio.o [1]
  .near_func.text    ro code  0x00902b     0x5  stm8s_adc1.o [1]
  .near_func.text    ro code  0x009030     0x5  stm8s_iwdg.o [1]
  .near_func.text    ro code  0x009035     0x5  stm8s_iwdg.o [1]
  .near_func.text    ro code  0x00903a     0x5  char.o [4]
  .near_func.text    ro code  0x00903f     0x5  cexit.o [4]
  .near.rodata       const    0x009044     0x4  stm8s_clk.o [1]
  .near_func.text    ro code  0x009048     0x4  adc.o [1]
  .near_func.text    ro code  0x00904c     0x4  stm8s_gpio.o [1]
  .near_func.text    ro code  0x009050     0x4  stm8s_iwdg.o [1]
  .near_func.text    ro code  0x009054     0x4  stm8s_iwdg.o [1]
  .near_func.text    ro code  0x009058     0x4  stm8s_iwdg.o [1]
  .near_func.text    ro code  0x00905c     0x4  stm8s_uart1.o [1]
  .near_func.text    ro code  0x009060     0x4  sys.o [1]
  .near_func.text    ro code  0x009064     0x4  timer.o [1]
  .near_func.text    ro code  0x009068     0x4  uart.o [1]
  .near_func.text    ro code  0x00906c     0x3  adc.o [1]
  .near_func.text    ro code  0x00906f     0x3  watchdog.o [1]
  .near_func.text    ro code  0x009072     0x3  interrupt.o [4]
  .near_func.text    ro code  0x009075     0x3  low_level_init.o [4]
  .near_func.text    ro code  0x009078     0x3  exit.o [4]
  .near_func.text    ro code  0x00907b     0x3  unhandled_exception.o [4]
  Initializer bytes  const    0x00907e     0x2  <for P2-1>
  .near_func.text    ro code  0x009080     0x1  __dbg_break.o [3]
                            - 0x009081  0x1001


*******************************************************************************
*** INIT TABLE
***

          Address   Size
          -------   ----
Zero (__iar_zero_init2)
    1 destination range, total size 0x32:
          0x000012  0x32

Copy (__iar_copy_init2)
    1 source range, total size 0x2:
          0x00907e   0x2
    1 destination range, total size 0x2:
          0x000010   0x2



*******************************************************************************
*** MODULE SUMMARY
***

    Module                 ro code  ro data  rw data  rw data
                                                       (abs)
    ------                 -------  -------  -------  -------
E:\Github\STM8_Project\LaserBatteryDetect\User\Debug\Obj: [1]
    adc.o                      142                 2
    control.o                1 228       22       45
    delay.o                    130                 1
    main.o                      19
    stm8s_adc1.o               509
    stm8s_clk.o                106        4
    stm8s_gpio.o               153
    stm8s_iwdg.o                22
    stm8s_tim2.o                70
    stm8s_uart1.o              528
    sys.o                        4
    timer.o                     67                 2
    uart.o                     160                 2        2
    watchdog.o                  21
    ---------------------------------------------------------
    Total:                   3 159       26       52        2

command line: [2]
    ---------------------------------------------------------
    Total:

dbgstm8smd.a: [3]
    __dbg_break.o                1
    __dbg_xxexit.o              20
    ---------------------------------------------------------
    Total:                      21

dlstm8smn.a: [4]
    cexit.o                      5
    char.o                       5
    cstartup.o                  19
    dc_util.o                   37
    exit.o                       3
    init.o                      20
    init_small.o                70
    interrupt.o                  3      128
    long.o                     304
    long_util.o                 71
    low_level_init.o             3
    move.o                      13
    short.o                     75
    unhandled_exception.o        3
    vreg_util.o                242
    vregs.o                                       16
    ---------------------------------------------------------
    Total:                     873      128       16

    Linker created                       18      256
-------------------------------------------------------------
    Grand Total:             4 053      172      324        2


*******************************************************************************
*** ENTRY LIST
***

Entry                    Address   Size  Type      Object
-----                    -------   ----  ----      ------
.iar.init_table$$Base   0x008e56          --   Gb  - Linker created -
.iar.init_table$$Limit  0x008e68          --   Gb  - Linker created -
?b0                     0x000000         Data  Gb  vregs.o [4]
?b1                     0x000001         Data  Gb  vregs.o [4]
?b10                    0x00000a         Data  Gb  vregs.o [4]
?b11                    0x00000b         Data  Gb  vregs.o [4]
?b12                    0x00000c         Data  Gb  vregs.o [4]
?b13                    0x00000d         Data  Gb  vregs.o [4]
?b14                    0x00000e         Data  Gb  vregs.o [4]
?b15                    0x00000f         Data  Gb  vregs.o [4]
?b2                     0x000002         Data  Gb  vregs.o [4]
?b3                     0x000003         Data  Gb  vregs.o [4]
?b4                     0x000004         Data  Gb  vregs.o [4]
?b5                     0x000005         Data  Gb  vregs.o [4]
?b6                     0x000006         Data  Gb  vregs.o [4]
?b7                     0x000007         Data  Gb  vregs.o [4]
?b8                     0x000008         Data  Gb  vregs.o [4]
?b9                     0x000009         Data  Gb  vregs.o [4]
?dc32_l0                0x008dcb         Code  Gb  dc_util.o [4]
?dc32_l1                0x008dd8         Code  Gb  dc_util.o [4]
?dc32_px                0x008de5         Code  Gb  dc_util.o [4]
?e0                     0x000001         Data  Gb  vregs.o [4]
?e1                     0x000005         Data  Gb  vregs.o [4]
?e2                     0x000009         Data  Gb  vregs.o [4]
?e3                     0x00000d         Data  Gb  vregs.o [4]
?epilogue_l2            0x00847b         Code  Gb  vreg_util.o [4]
?epilogue_l2_l3         0x008478         Code  Gb  vreg_util.o [4]
?epilogue_w4            0x00847f         Code  Gb  vreg_util.o [4]
?l0                     0x000000         Data  Gb  vregs.o [4]
?l1                     0x000004         Data  Gb  vregs.o [4]
?l2                     0x000008         Data  Gb  vregs.o [4]
?l3                     0x00000c         Data  Gb  vregs.o [4]
?load32_0x_l0           0x008c54         Code  Gb  long_util.o [4]
?load32_asp_l0          0x008c48         Code  Gb  long_util.o [4]
?load32_dbsp_l0         0x008c43         Code  Gb  long_util.o [4]
?load32_l0_0x           0x008c2b         Code  Gb  long_util.o [4]
?load32_l0_asp          0x008c20         Code  Gb  long_util.o [4]
?load32_l0_dbsp         0x008c1b         Code  Gb  long_util.o [4]
?load32_l0_xsp          0x008c22         Code  Gb  long_util.o [4]
?load32_l1_0x           0x008c37         Code  Gb  long_util.o [4]
?load32_xsp_l0          0x008c4a         Code  Gb  long_util.o [4]
?mov_e0_e2              0x008486         Code  Gb  vreg_util.o [4]
?mov_e0_e3              0x008493         Code  Gb  vreg_util.o [4]
?mov_e1_e0              0x0084a0         Code  Gb  vreg_util.o [4]
?mov_e1_e2              0x0084ad         Code  Gb  vreg_util.o [4]
?mov_e2_e0              0x0084ba         Code  Gb  vreg_util.o [4]
?mov_e2_e1              0x0084c7         Code  Gb  vreg_util.o [4]
?mov_e3_e0              0x0084d4         Code  Gb  vreg_util.o [4]
?mov_l0_l2              0x008483         Code  Gb  vreg_util.o [4]
?mov_l0_l3              0x008490         Code  Gb  vreg_util.o [4]
?mov_l1_l0              0x00849d         Code  Gb  vreg_util.o [4]
?mov_l1_l2              0x0084aa         Code  Gb  vreg_util.o [4]
?mov_l2_l0              0x0084b7         Code  Gb  vreg_util.o [4]
?mov_l2_l1              0x0084c4         Code  Gb  vreg_util.o [4]
?mov_l3_l0              0x0084d1         Code  Gb  vreg_util.o [4]
?mov_w1_w5              0x008489         Code  Gb  vreg_util.o [4]
?mov_w1_w7              0x008496         Code  Gb  vreg_util.o [4]
?mov_w3_w1              0x0084a3         Code  Gb  vreg_util.o [4]
?mov_w3_w5              0x0084b0         Code  Gb  vreg_util.o [4]
?mov_w5_w1              0x0084bd         Code  Gb  vreg_util.o [4]
?mov_w5_w3              0x0084ca         Code  Gb  vreg_util.o [4]
?mov_w7_w1              0x0084d7         Code  Gb  vreg_util.o [4]
?move1616_v_x_y_a       0x008fdb         Code  Gb  move.o [4]
?mul16_x_x_w0           0x008bd0         Code  Gb  short.o [4]
?mul32_l0_l0_0x         0x0081d2         Code  Gb  long.o [4]
?mul32_l0_l0_dl         0x0081cf         Code  Gb  long.o [4]
?mul32_l0_l0_l1         0x0081db         Code  Gb  long.o [4]
?pop_l0                 0x008444         Code  Gb  vreg_util.o [4]
?pop_l1                 0x00844f         Code  Gb  vreg_util.o [4]
?pop_l2                 0x00845a         Code  Gb  vreg_util.o [4]
?pop_l3                 0x008465         Code  Gb  vreg_util.o [4]
?pop_w4                 0x008404         Code  Gb  vreg_util.o [4]
?push_l0                0x008413         Code  Gb  vreg_util.o [4]
?push_l1                0x008418         Code  Gb  vreg_util.o [4]
?push_l2                0x00841d         Code  Gb  vreg_util.o [4]
?push_l3                0x008422         Code  Gb  vreg_util.o [4]
?push_w4                0x0083ec         Code  Gb  vreg_util.o [4]
?sdiv16_x_x_y           0x008bee         Code  Gb  short.o [4]
?sll16_x_x_4            0x008c11         Code  Gb  short.o [4]
?sll16_x_x_5            0x008c10         Code  Gb  short.o [4]
?sll16_x_x_6            0x008c0f         Code  Gb  short.o [4]
?sll16_x_x_a            0x008c07         Code  Gb  short.o [4]
?sll32_0x_0x_a          0x0082d6         Code  Gb  long.o [4]
?sll32_l0_l0_a          0x0082d3         Code  Gb  long.o [4]
?srl16_x_x_4            0x008c16         Code  Gb  short.o [4]
?srl8_a_a_5             0x00903a         Code  Gb  char.o [4]
?sub32_l0_l0_0x         0x0081b7         Code  Gb  long.o [4]
?sub32_l0_l0_l1         0x0081b4         Code  Gb  long.o [4]
?udiv32_l0_dl_l1        0x00825e         Code  Gb  long.o [4]
?udiv32_l0_l0_dl        0x008263         Code  Gb  long.o [4]
?udiv32_l0_l0_l1        0x008266         Code  Gb  long.o [4]
?umod32_l1_l0_dl        0x008259         Code  Gb  long.o [4]
?umod32_l1_l0_l1        0x008266         Code  Gb  long.o [4]
?w0                     0x000000         Data  Gb  vregs.o [4]
?w1                     0x000002         Data  Gb  vregs.o [4]
?w2                     0x000004         Data  Gb  vregs.o [4]
?w3                     0x000006         Data  Gb  vregs.o [4]
?w4                     0x000008         Data  Gb  vregs.o [4]
?w5                     0x00000a         Data  Gb  vregs.o [4]
?w6                     0x00000c         Data  Gb  vregs.o [4]
?w7                     0x00000e         Data  Gb  vregs.o [4]
ADC1_ClearFlag          0x008ae1   0x52  Code  Gb  stm8s_adc1.o [1]
ADC1_Cmd                0x008fb4    0xd  Code  Gb  stm8s_adc1.o [1]
ADC1_ConversionConfig   0x008cc5   0x2f  Code  Gb  stm8s_adc1.o [1]
ADC1_DeInit             0x008c94   0x31  Code  Gb  stm8s_adc1.o [1]
ADC1_ExternalTriggerConfig
                        0x008e35   0x21  Code  Gb  stm8s_adc1.o [1]
ADC1_GetConversionValue
                        0x008a8c   0x55  Code  Gb  stm8s_adc1.o [1]
ADC1_IRQHandler         0x008d21   0x2c  Code  Gb  adc.o [1]
ADC1_ITConfig           0x008f0c   0x14  Code  Gb  stm8s_adc1.o [1]
ADC1_Init               0x008d4d   0x2c  Code  Gb  stm8s_adc1.o [1]
ADC1_PrescalerConfig    0x008f5b   0x13  Code  Gb  stm8s_adc1.o [1]
ADC1_SchmittTriggerConfig
                        0x0087db   0x70  Code  Gb  stm8s_adc1.o [1]
ADC1_StartConversion    0x00902b    0x5  Code  Gb  stm8s_adc1.o [1]
ADC_InitChannel         0x008980   0x5b  Code  Gb  adc.o [1]
CLK_GetClockFreq        0x008a35   0x57  Code  Gb  stm8s_clk.o [1]
CLK_HSIPrescalerConfig  0x008f6e   0x13  Code  Gb  stm8s_clk.o [1]
CSTACK$$Base            0x000300          --   Gb  - Linker created -
CSTACK$$Limit           0x000400          --   Gb  - Linker created -
ControlInit             0x008ba8   0x28  Code  Gb  control.o [1]
ControlPrcoess          0x0088b7   0x68  Code  Gb  control.o [1]
GPIO_Init               0x00864f   0x8e  Code  Gb  stm8s_gpio.o [1]
GPIO_WriteHigh          0x009024    0x7  Code  Gb  stm8s_gpio.o [1]
GPIO_WriteLow           0x00904c    0x4  Code  Gb  stm8s_gpio.o [1]
HSIDivFactor            0x009044    0x4  Data  Gb  stm8s_clk.o [1]
INTVEC$$Base            0x008000          --   Gb  - Linker created -
INTVEC$$Limit           0x008080          --   Gb  - Linker created -
IWDG_Enable             0x009035    0x5  Code  Gb  stm8s_iwdg.o [1]
IWDG_ReloadCounter      0x009030    0x5  Code  Gb  stm8s_iwdg.o [1]
IWDG_SetPrescaler       0x009054    0x4  Code  Gb  stm8s_iwdg.o [1]
IWDG_SetReload          0x009058    0x4  Code  Gb  stm8s_iwdg.o [1]
IWDG_WriteAccessCmd     0x009050    0x4  Code  Gb  stm8s_iwdg.o [1]
Region$$Table$$Base     0x008e56          --   Gb  - Linker created -
Region$$Table$$Limit    0x008e68          --   Gb  - Linker created -
ReloadWatchDog          0x00906f    0x3  Code  Gb  watchdog.o [1]
SetAdcConversionEnd_cb  0x009048    0x4  Code  Gb  adc.o [1]
SetTimerCompleteCallback
                        0x009064    0x4  Code  Gb  timer.o [1]
SetUartReceivedCallback
                        0x009068    0x4  Code  Gb  uart.o [1]
StartAdcConversion      0x00906c    0x3  Code  Gb  adc.o [1]
SystemClockInit         0x009060    0x4  Code  Gb  sys.o [1]
TIM2_ClearFlag          0x009008    0xa  Code  Gb  stm8s_tim2.o [1]
TIM2_Cmd                0x008fc1    0xd  Code  Gb  stm8s_tim2.o [1]
TIM2_ITConfig           0x008eda   0x1a  Code  Gb  stm8s_tim2.o [1]
TIM2_PrescalerConfig    0x00901b    0x9  Code  Gb  stm8s_tim2.o [1]
TIM2_TimeBaseInit       0x008fe8    0xc  Code  Gb  stm8s_tim2.o [1]
TIM2_UPD_OVF_BRK_IRQHandler
                        0x008e13   0x22  Code  Gb  timer.o [1]
Timer2_Init             0x008e86   0x1d  Code  Gb  timer.o [1]
UART1_Cmd               0x008fce    0xd  Code  Gb  stm8s_uart1.o [1]
UART1_Congfiguration    0x008d79   0x2a  Code  Gb  uart.o [1]
UART1_DR                0x005231    0x1  Data  Gb  uart.o [1]
UART1_DeInit            0x008cf4   0x2d  Code  Gb  stm8s_uart1.o [1]
UART1_GetFlagStatus     0x008c62   0x32  Code  Gb  stm8s_uart1.o [1]
UART1_ITConfig          0x00884b   0x6c  Code  Gb  stm8s_uart1.o [1]
UART1_Init              0x008080  0x134  Code  Gb  stm8s_uart1.o [1]
UART1_RX_IRQHandler     0x0089db   0x5a  Code  Gb  uart.o [1]
UART1_SendChar          0x008ef4   0x18  Code  Gb  uart.o [1]
UART1_SendData8         0x00905c    0x4  Code  Gb  stm8s_uart1.o [1]
WatchDogInit            0x008f94   0x12  Code  Gb  watchdog.o [1]
_A_UART1_SR             0x005230    0x1  Data  Gb  uart.o [1]
_AdcCallback            0x000027    0x2  Data  Lc  adc.o [1]
_AdcValue               0x000029    0x2  Data  Lc  control.o [1]
_AdcValueGet            0x009012    0x9  Code  Lc  control.o [1]
_BackTimeSetValue       0x000011    0x1  Data  Lc  control.o [1]
_BatteryADStorageValue  0x00002f    0x2  Data  Lc  control.o [1]
_BatteryADValueShakeCnt
                        0x000040    0x1  Data  Lc  control.o [1]
_BatteryBaseADValue     0x00002b    0x2  Data  Lc  control.o [1]
_CompareSmokeStatus     0x0084de   0xe0  Code  Lc  control.o [1]
_FlagAdcConversionEnd   0x000039    0x1  Data  Lc  control.o [1]
_FlagNoSmokeStatus      0x000042    0x1  Data  Lc  control.o [1]
_FlagSendDataNow        0x00003b    0x1  Data  Lc  control.o [1]
_FlagSmokeStatus        0x00003f    0x1  Data  Lc  control.o [1]
_FlagStartStableTimeCnt
                        0x000041    0x1  Data  Lc  control.o [1]
_FlagUartDataAck        0x00003e    0x1  Data  Lc  control.o [1]
_GPIO_ControlInit       0x008b84   0x24  Code  Lc  control.o [1]
_LastBatteryADValue     0x00002d    0x2  Data  Lc  control.o [1]
_NoSmokeStatusCnt       0x000033    0x2  Data  Lc  control.o [1]
_PowerSetStatus         0x00003d    0x1  Data  Lc  control.o [1]
_ReceivedCallback       0x000037    0x2  Data  Lc  uart.o [1]
_RefreshGPIOStatus      0x008766   0x75  Code  Lc  control.o [1]
_SensitivitySetValue    0x000010    0x1  Data  Lc  control.o [1]
_StableTimeCnt          0x000031    0x2  Data  Lc  control.o [1]
_SubtractionResultABS   0x008ebf   0x1b  Code  Lc  control.o [1]
_TimerCallback          0x00891f   0x61  Code  Lc  control.o [1]
_TimerCompleteCallback  0x000035    0x2  Data  Lc  timer.o [1]
_TimingSendData         0x0086dd   0x89  Code  Lc  control.o [1]
_TimingSendDataCount    0x00003a    0x1  Data  Lc  control.o [1]
_UartDataAck            0x0085be   0x91  Code  Lc  control.o [1]
_UartDataGet            0x008ea3   0x1c  Code  Lc  control.o [1]
_UartDataProcess        0x0082e4  0x108  Code  Lc  control.o [1]
_UartDataRxBuffer       0x000012   0x15  Data  Lc  control.o [1]
_UartDataRxLen          0x00003c    0x1  Data  Lc  control.o [1]
__DebugBreak            0x009080    0x1  Code  Gb  __dbg_break.o [3]
__exit                  0x008f34   0x14  Code  Gb  __dbg_xxexit.o [3]
__iar_copy_init2        0x008da3         Code  Gb  init_small.o [4]
__iar_data_init2        0x008f20   0x14  Code  Gb  init.o [4]
__iar_program_start     0x008f81         Code  Gb  cstartup.o [4]
__iar_unhandled_exception
                        0x00907b         Code  Gb  unhandled_exception.o [4]
__iar_zero_init2        0x008e68         Code  Gb  init_small.o [4]
__intvec                0x008000         Data  Gb  interrupt.o [4]
__low_level_init        0x009075    0x3  Code  Gb  low_level_init.o [4]
_exit                   0x00903f         Code  Gb  cexit.o [4]
_interrupt_15           0x008e13         Code  Gb  timer.o [1]
_interrupt_20           0x0089db         Code  Gb  uart.o [1]
_interrupt_24           0x008d21         Code  Gb  adc.o [1]
delay_init              0x008df0   0x23  Code  Gb  delay.o [1]
delay_ms                0x008b33   0x51  Code  Gb  delay.o [1]
delay_us                0x008fa6    0xe  Code  Gb  delay.o [1]
exit                    0x009078    0x3  Code  Gb  exit.o [4]
fac_us                  0x000043    0x1  Data  Gb  delay.o [1]
main                    0x008f48   0x13  Code  Gb  main.o [1]


[1] = E:\Github\STM8_Project\LaserBatteryDetect\User\Debug\Obj
[2] = command line
[3] = dbgstm8smd.a
[4] = dlstm8smn.a

  4 053 bytes of readonly  code memory
    172 bytes of readonly  data memory
    324 bytes of readwrite data memory (+ 2 absolute)

Errors: none
Warnings: none
